[15:13:47] Launcher started. frozen=True, root=C:\Users\SiEPIC_Kaiser\Desktop\IDA
[15:13:47] Using Python: C:\Users\SiEPIC_Kaiser\AppData\Local\Programs\Python\Python311\python.exe
[15:13:47] runner.py launched as PID 91932
[15:15:24] runner.py exited with code 3221225477
[15:17:18] Launcher started. frozen=True, root=C:\Users\SiEPIC_Kaiser\Desktop\IDA
[15:17:19] Using Python: C:\Users\SiEPIC_Kaiser\AppData\Local\Programs\Python\Python311\python.exe
[15:17:19] runner.py launched as PID 22380
[15:17:33] runner.py exited with code 3221225477
[15:17:49] Launcher started. frozen=True, root=C:\Users\SiEPIC_Kaiser\Desktop\IDA
[15:17:49] Using Python: C:\Users\SiEPIC_Kaiser\AppData\Local\Programs\Python\Python311\python.exe
[15:17:49] runner.py launched as PID 45736
[15:18:04] runner.py exited with code 3221225477
[15:18:22] Launcher started. frozen=True, root=C:\Users\SiEPIC_Kaiser\Desktop\IDA
[15:18:28] Using Python: C:\Users\SiEPIC_Kaiser\AppData\Local\Programs\Python\Python312\python.EXE
[15:18:28] runner.py launched as PID 54512
[15:18:33] runner.py exited with code 3221225477
[15:18:35] Launcher started. frozen=True, root=C:\Users\SiEPIC_Kaiser\Desktop\IDA
[15:18:35] Using Python: C:\Users\SiEPIC_Kaiser\AppData\Local\Programs\Python\Python311\python.exe
[15:18:35] runner.py launched as PID 55252
[15:19:19] runner.py exited with code 3221225477
[15:21:58] Launcher started. frozen=True, root=C:\Users\SiEPIC_Kaiser\Desktop\IDA
[15:21:58] Using Python: C:\Users\SiEPIC_Kaiser\AppData\Local\Programs\Python\Python311\python.exe
[15:21:58] runner.py launched as PID 24012
[15:27:06] runner.py exited with code 3221225477
[15:27:08] Launcher started. frozen=True, root=C:\Users\SiEPIC_Kaiser\Desktop\IDA
[15:27:09] Using Python: C:\Users\SiEPIC_Kaiser\AppData\Local\Programs\Python\Python311\python.exe
[15:27:09] runner.py launched as PID 68112
[15:28:48] runner.py exited with code 3221225477
[15:30:19] Launcher started. frozen=True, root=C:\Users\SiEPIC_Kaiser\Desktop\IDA
[15:30:19] Using Python: C:\Users\SiEPIC_Kaiser\AppData\Local\Programs\Python\Python311\python.exe
[15:30:19] runner.py launched as PID 59384
[18:21:11] runner.py exited with code 3221225477
[19:06:14] Launcher started. frozen=True, root=C:\Users\SiEPIC_Kaiser\Desktop\IDA
[19:06:15] Using Python: C:\Users\SiEPIC_Kaiser\AppData\Local\Programs\Python\Python311\python.exe
[19:06:15] runner.py launched as PID 3468
[19:07:45] runner.py exited with code 3221225477
[19:13:41] Launcher started. frozen=True, root=C:\Users\SiEPIC_Kaiser\Desktop\IDA
[19:13:42] Using Python: C:\Users\SiEPIC_Kaiser\AppData\Local\Programs\Python\Python311\python.exe
[19:13:42] runner.py launched as PID 49076
[19:23:02] runner.py exited with code 3221225477
[19:23:03] Launcher started. frozen=True, root=C:\Users\SiEPIC_Kaiser\Desktop\IDA
[19:23:04] Using Python: C:\Users\SiEPIC_Kaiser\AppData\Local\Programs\Python\Python311\python.exe
[19:23:04] runner.py launched as PID 35664
[19:56:14] runner.py exited with code 3221225477
[19:56:16] Launcher started. frozen=True, root=C:\Users\SiEPIC_Kaiser\Desktop\IDA
[19:56:18] Using Python: C:\Users\SiEPIC_Kaiser\AppData\Local\Programs\Python\Python311\python.exe
[19:56:18] runner.py launched as PID 18768
[20:29:27] runner.py exited with code 3221225477
[20:30:59] Launcher started. frozen=True, root=C:\Users\SiEPIC_Kaiser\Desktop\IDA
[20:31:00] Using Python: C:\Users\SiEPIC_Kaiser\AppData\Local\Programs\Python\Python311\python.exe
[20:31:00] runner.py launched as PID 84548
[20:45:01] runner.py exited with code 3221225477
[20:45:03] Launcher started. frozen=True, root=C:\Users\SiEPIC_Kaiser\Desktop\IDA
[20:45:04] Using Python: C:\Users\SiEPIC_Kaiser\AppData\Local\Programs\Python\Python311\python.exe
[20:45:04] runner.py launched as PID 40432
[01:19:34] runner.py exited with code 3221225477
[01:20:46] Launcher started. frozen=True, root=C:\Users\SiEPIC_Kaiser\Desktop\IDA
[01:20:47] Using Python: C:\Users\SiEPIC_Kaiser\AppData\Local\Programs\Python\Python311\python.exe
[01:20:47] runner.py launched as PID 42432
[01:21:45] runner.py exited with code 3221225477
[15:30:07] Launcher started. frozen=True, root=C:\Users\SiEPIC_Kaiser\Desktop\IDA
[15:30:08] Using Python: C:\Users\SiEPIC_Kaiser\AppData\Local\Programs\Python\Python311\python.exe
[15:30:08] runner.py launched as PID 20280
[16:39:09] runner.py exited with code 3221225477
[16:39:11] Launcher started. frozen=True, root=C:\Users\SiEPIC_Kaiser\Desktop\IDA
[16:39:12] Using Python: C:\Users\SiEPIC_Kaiser\AppData\Local\Programs\Python\Python311\python.exe
[16:39:12] runner.py launched as PID 60600
[17:51:16] runner.py exited with code 3221225477
[17:51:19] Launcher started. frozen=True, root=C:\Users\SiEPIC_Kaiser\Desktop\IDA
[17:51:30] Using Python: C:\Users\SiEPIC_Kaiser\AppData\Local\Programs\Python\Python312\python.EXE
[17:51:30] runner.py launched as PID 2536
[17:51:39] runner.py exited with code 0
[17:51:57] Launcher started. frozen=True, root=C:\Users\SiEPIC_Kaiser\Desktop\IDA
[17:51:58] Using Python: C:\Users\SiEPIC_Kaiser\AppData\Local\Programs\Python\Python311\python.exe
[17:51:58] runner.py launched as PID 78516
[19:24:07] runner.py exited with code 3221225477
[19:24:11] Launcher started. frozen=True, root=C:\Users\SiEPIC_Kaiser\Desktop\IDA
[19:24:12] Using Python: C:\Users\SiEPIC_Kaiser\AppData\Local\Programs\Python\Python311\python.exe
[19:24:12] runner.py launched as PID 56152
[19:33:58] runner.py exited with code 3221225477
[19:34:00] Launcher started. frozen=True, root=C:\Users\SiEPIC_Kaiser\Desktop\IDA
[19:34:01] Using Python: C:\Users\SiEPIC_Kaiser\AppData\Local\Programs\Python\Python311\python.exe
[19:34:01] runner.py launched as PID 23748
[19:38:52] runner.py exited with code 3221225477
[19:38:54] Launcher started. frozen=True, root=C:\Users\SiEPIC_Kaiser\Desktop\IDA
[19:38:54] Using Python: C:\Users\SiEPIC_Kaiser\AppData\Local\Programs\Python\Python311\python.exe
[19:38:54] runner.py launched as PID 22616
[19:41:35] runner.py exited with code 3221225477
